[www.hul.co.in/index.html]
[www.hul.co.in/apple-touch-icon.png]
[www.hul.co.in/favicon.png]
[www.hul.co.in/favicon.svg]
[www.hul.co.in/site.webmanifest]
[www.hul.co.in/mask-icon.svg]
[backblue.gif]
[fade.gif]
[index.html]
[www.hul.co.in/assets/84837025.woff2]
[www.hul.co.in/assets/8d155bf1.woff2]
[www.hul.co.in/assets/e0b33e60.woff2]
[www.hul.co.in/assets/48777655.css]
[www.hul.co.in/assets/dc3aa70d.css]
[www.hul.co.in/assets/77d01f2b.css]
[www.hul.co.in/assets/b192003c.css]
[www.hul.co.in/assets/e16ab254.css]
[www.hul.co.in/assets/7972988c.css]
[www.hul.co.in/assets/50ab05aa.css]
[www.hul.co.in/assets/13186ee9.css]
[www.hul.co.in/assets/67a39e0c.css]
[www.hul.co.in/assets/c5a67ca5.css]
[www.hul.co.in/assets/130c8fb3.css]
[www.hul.co.in/assets/efb12386.css]
[www.hul.co.in/assets/7f4b969c.css]
[www.hul.co.in/assets/7798ed2e.css]
[www.hul.co.in/assets/7670df2e.css]
[www.hul.co.in/assets/0d0ce275.css]
[www.hul.co.in/assets/52d25a2d.css]
[www.hul.co.in/assets/9482db6b.css]
[www.hul.co.in/assets/90b30d9a.css]
[www.hul.co.in/core-assets/logos/logo-animated-hul.svg]
[www.hul.co.in/core-assets/icons/functional/globe.svg]
[www.hul.co.in/location-selector/index.html]
[www.hul.co.in/our-company/index.html]
[www.hul.co.in/our-company/introduction-to-hul/index.html]
[www.hul.co.in/our-company/our-leadership/index.html]
[cdn.sanity.io/images/92ui5egz/production/71268135aba21ff73d66e9f9ee03acceb74e3c0a-1920x10806239.jpg]
[www.hul.co.in/our-company/the-logo/index.html]
[www.hul.co.in/our-company/hul-history/index.html]
[www.hul.co.in/our-company/hul-history/chronology-of-key-events/index.html]
[www.hul.co.in/our-company/awards-felicitations/index.html]
[www.hul.co.in/our-company/rd-innovation/index.html]
[www.hul.co.in/our-company/rd-innovation/innovation-in-unilever/index.html]
[www.hul.co.in/our-company/rd-innovation/safety-environment/index.html]
[www.hul.co.in/our-company/rd-innovation/working-in-unilever-rd/index.html]
[cdn.sanity.io/images/92ui5egz/production/b872f10855b639fb20ffbe4012a500a77ac49c15-1920x1080cafa.jpg]
[www.hul.co.in/our-company/rd-innovation/open-innovation/index.html]
[www.hul.co.in/our-company/rd-innovation/our-rd-locations/index.html]
[www.hul.co.in/brands/index.html]
[www.hul.co.in/planet-and-society/index.html]
[cdn.sanity.io/images/92ui5egz/production/a44b7c4f45a9a40a0f0601396bee3ec4aa58cd80-1920x1080cafa.jpg]
[www.hul.co.in/planet-and-society/esg-microsite/index.html]
[www.hul.co.in/planet-and-society/climate-action/index.html]
[www.hul.co.in/planet-and-society/protect-and-regenerate-nature/index.html]
[cdn.sanity.io/images/92ui5egz/production/fcaa167dcc82b750b514a35108088c197c290974-1920x1080cafa.jpg]
[www.hul.co.in/planet-and-society/waste-free-world/index.html]
[www.hul.co.in/planet-and-society/positive-nutrition/index.html]
[cdn.sanity.io/images/92ui5egz/production/cf30b23374e4b55463e2354ce3471974cec28682-1920x1080cafa.jpg]
[www.hul.co.in/planet-and-society/employee-health-wellbeing/index.html]
[www.hul.co.in/planet-and-society/health-and-wellbeing/index.html]
[cdn.sanity.io/images/92ui5egz/production/089fbac0490719f2a49b2671a5e840ba0aed9f69-1920x1080cafa.jpg]
[www.hul.co.in/planet-and-society/equity-diversity-and-inclusion/index.html]
[www.hul.co.in/planet-and-society/raise-living-standards/index.html]
[www.hul.co.in/planet-and-society/future-of-work/index.html]
[cdn.sanity.io/images/92ui5egz/production/b0d3256879a3994777add49a8b02a2869fde83cc-720x405d47f.png]
[www.hul.co.in/planet-and-society/respect-human-rights/index.html]
[www.hul.co.in/planet-and-society/case-studies/index.html]
[www.hul.co.in/planet-and-society/case-studies/enhancing-livelihoods-through-project-shakti/index.html]
[cdn.sanity.io/images/92ui5egz/production/126264c4344e760506d3e72b2444f2726530749a-1920x1080cafa.jpg]
[www.hul.co.in/planet-and-society/case-studies/asha-daan-the-gift-of-hope/index.html]
[www.hul.co.in/planet-and-society/case-studies/suvidha-bringing-hygiene-sanitation-to-urban-communities/index.html]
[www.hul.co.in/planet-and-society/case-studies/prabhat-developing-sustainable-and-inclusive-communities/index.html]
[cdn.sanity.io/images/92ui5egz/production/8ed061fe71dcb7fcae720a08f47f81b193bd8ac1-1000x563d7d8.png]
[www.hul.co.in/planet-and-society/case-studies/making-it-count-with-the-hindustan-unilever-foundation/index.html]
[www.hul.co.in/planet-and-society/swachh-aadat-swachh-bharat/index.html]
[www.hul.co.in/planet-and-society/swachh-aadat-swachh-bharat/socho-the-longterm-impact-of-repeated-illness-on-children/index.html]
[cdn.sanity.io/images/92ui5egz/production/6f15876ba8b14451b08ec0a2ae439e111d7d8e85-1000x563d7d8.jpg]
[www.hul.co.in/planet-and-society/swachh-aadat-swachh-bharat/swachh-aadat-swachh-bharat/index.html]
[www.hul.co.in/planet-and-society/swachh-aadat-swachh-bharat/badlo-heres-how-you-can-become-a-swachhata-doot/index.html]
[www.hul.co.in/planet-and-society/business-integrity/index.html]
[www.hul.co.in/planet-and-society/safety-and-environment/index.html]
[www.hul.co.in/planet-and-society/safety-and-environment/leading-safety-and-environmental-sustainability-sciences/index.html]
[www.hul.co.in/planet-and-society/business-integrity/responsible-taxpayer/index.html]
[cdn.sanity.io/images/92ui5egz/production/cb07ec72fd112dccd76f5ef5d493d9a32b5210f3-1920x1080cafa.jpg]
[www.hul.co.in/planet-and-society/safety-and-environment/safe-and-sustainable-by-design/index.html]
[www.hul.co.in/planet-and-society/safety-and-environment/reducing-our-environmental-impact/index.html]
[www.hul.co.in/planet-and-society/safety-and-environment/keeping-people-and-the-environment-safe/index.html]
[www.hul.co.in/planet-and-society/scope-and-boundaries-of-reporting/index.html]
[cdn.sanity.io/images/92ui5egz/production/fb56ebe30122df325aa868e471ee8b3fda580ad7-1920x1080cafa.jpg]
[www.hul.co.in/planet-and-society/our-position-on/index.html]
[www.hul.co.in/news/index.html]
[www.hul.co.in/news/press-releases/index.html]
[cdn.sanity.io/images/92ui5egz/production/6fcad9f9cbca3da4b196f18742f8e26dfdcd8e3e-1920x1080cafa.jpg]
[www.hul.co.in/news/media-coverage/index.html]
[www.hul.co.in/news/agm-speeches/index.html]
[www.hul.co.in/investor-relations/index.html]
[www.hul.co.in/investor-relations/corporate-governance/index.html]
[cdn.sanity.io/images/92ui5egz/production/20eb755878e2d97f9eb2968cf21e8ac9635af9a0-1000x563d7d8.png]
[www.hul.co.in/investor-relations/corporate-governance/hul-policies/index.html]
[www.hul.co.in/investor-relations/corporate-governance/corporate-governance-requirements-compliance/index.html]
[www.hul.co.in/investor-relations/corporate-governance/management-discussion-and-analysis/index.html]
[www.hul.co.in/investor-relations/corporate-governance/dealing-in-hul-shares/index.html]
[www.hul.co.in/investor-relations/shareholder-information/index.html]
[www.hul.co.in/investor-relations/shareholder-information/stock-exchange-listing/index.html]
[www.hul.co.in/investor-relations/shareholder-information/shareholding-pattern/index.html]
[www.hul.co.in/investor-relations/shareholder-information/information-on-dividends/index.html]
[www.hul.co.in/investor-relations/shareholder-information/agm-information-archive/index.html]
[www.hul.co.in/investor-relations/shareholder-information/stock-exchange-filings/index.html]
[www.hul.co.in/investor-relations/annual-reports/index.html]
[www.hul.co.in/investor-relations/annual-reports/hul-annual-report-related-documents/index.html]
[www.hul.co.in/investor-relations/annual-reports/annual-report-archives/index.html]
[www.hul.co.in/investor-relations/corporate-social-responsibility/index.html]
[www.hul.co.in/investor-relations/huls-performance-highlights/index.html]
[www.hul.co.in/investor-relations/quarterly-results/index.html]
[www.hul.co.in/investor-relations/share-price/index.html]
[www.hul.co.in/investor-relations/company-presentations/index.html]
[www.hul.co.in/core-assets/icons/social/instagram.svg]
[www.hul.co.in/investor-relations/investor-service-request/index.html]
[www.hul.co.in/sitemap.xml]
[www.hul.co.in/assets/ad285a05.png]
[www.hul.co.in/investor-relations/unclaimed-and-unpaid-dividend/index.html]
[www.hul.co.in/vendors/onetrust/hulcoin/consent/cf19f738-6c46-43b3-9815-e1fe5ca04918/OtAutoBlock.js]
[www.hul.co.in/investor-relations/faq/index.html]
[www.hul.co.in/investor-relations/recent-news/index.html]
[www.hul.co.in/investor-relations/mergers-demergers-acquisitions/index.html]
[www.hul.co.in/investor-relations/investor-contacts/index.html]
[www.hul.co.in/vendors/onetrust/hulcoin/scripttemplates/otSDKStub.js]
[www.hul.co.in/news/press-releases/2022/our-dapada-factory-joins-the-wefs-sustainability-lighthouse-network/index.html]
[www.hul.co.in/news/2022/why-investing-in-sustainable-business-is-good-for-business/index.html]
[www.hul.co.in/news/2022/five-ways-were-working-towards-100-renewable-energy-by-2030/index.html]
[www.hul.co.in/news/press-releases/2022/hul-fcdo-ey-social-alpha-launch-transform-plastics-challenge/index.html]
[www.hul.co.in/news/2022/five-reasons-vaseline-is-still-shining-after-150-years/index.html]
[www.hul.co.in/news/2021/covid-19-response-hulstandswiththenation/index.html]
[www.hul.co.in/news/2021/unilever-professional-your-solution-for-institutional-cleaning-requirements/index.html]
[www.hul.co.in/popular-downloads/index.html]
[www.hul.co.in/contact/index.html]
[www.hul.co.in/legal/index.html]
[www.hul.co.in/accessibility/index.html]
[www.hul.co.in/rss/index.html]
[www.hul.co.in/assets/36ee9b64.js]
[www.hul.co.in/service-worker.js]
[www.hul.co.in/index.html]
[www.hul.co.in/favicon.svg]
[www.hul.co.in/mask-icon.svg]
[www.hul.co.in/assets/48777655.css]
[www.hul.co.in/assets/4dffb8f6.css]
[www.hul.co.in/assets/dc3aa70d.css]
[www.hul.co.in/assets/77d01f2b.css]
[www.hul.co.in/assets/b192003c.css]
[www.hul.co.in/assets/10526d73.svg]
[www.hul.co.in/assets/e16ab254.css]
[www.hul.co.in/assets/3f220252.css]
[www.hul.co.in/assets/7972988c.css]
[www.hul.co.in/assets/50ab05aa.css]
[www.hul.co.in/assets/34131487.css]
[www.hul.co.in/assets/13186ee9.css]
[www.hul.co.in/assets/da8ae2ac.css]
[www.hul.co.in/assets/67a39e0c.css]
[www.hul.co.in/assets/ef734bfe.svg]
[www.hul.co.in/assets/e123e7c3.svg]
[www.hul.co.in/assets/a52758cd.svg]
[www.hul.co.in/assets/dbc652b5.svg]
[www.hul.co.in/assets/bc7b7ebd.webp]
[www.hul.co.in/assets/83407800.webp]
[www.hul.co.in/assets/d46d5db2.webp]
[www.hul.co.in/assets/68cbf2f7.webp]
[www.hul.co.in/assets/7a6b9710.webp]
[www.hul.co.in/assets/39b9faf1.webp]
[www.hul.co.in/assets/ea2a20b6.webp]
[www.hul.co.in/assets/a12085e4.webp]
[www.hul.co.in/assets/c5a67ca5.css]
[www.hul.co.in/assets/71a5f896.css]
[www.hul.co.in/assets/130c8fb3.css]
[www.hul.co.in/assets/efb12386.css]
[www.hul.co.in/assets/7f4b969c.css]
[www.hul.co.in/assets/7798ed2e.css]
[www.hul.co.in/assets/7670df2e.css]
[www.hul.co.in/assets/0d0ce275.css]
[www.hul.co.in/assets/52d25a2d.css]
[www.hul.co.in/assets/9482db6b.css]
[www.hul.co.in/assets/e9f0b09c.css]
[www.hul.co.in/assets/7f7c0fa1.woff]
[www.hul.co.in/assets/d143cd5f.woff]
[www.hul.co.in/assets/90b30d9a.css]
[www.hul.co.in/core-assets/logos/logo-animated-hul.svg]
[www.hul.co.in/core-assets/icons/functional/globe.svg]
[www.hul.co.in/assets/385e5051.woff]
[www.hul.co.in/assets/f7ed57ea.png]
[www.hul.co.in/location-selector/index.html]
[www.hul.co.in/core-assets/icons/functional/search.svg]
[www.hul.co.in/core-assets/icons/functional/hamburger.svg]
[www.hul.co.in/core-assets/icons/functional/close.svg]
[www.hul.co.in/core-assets/icons/functional/right-arrow.svg]
[www.hul.co.in/core-assets/icons/functional/left-arrow.svg]
[www.hul.co.in/assets/40bcb919.css]
[cdn.sanity.io/images/92ui5egz/production/fc06f4edca4d2224c3e41568339ddbdc7768280b-1920x1080cafa.png]
[cdn.sanity.io/images/92ui5egz/production/e59f66468d6b364908af5c69f6b8ea1aa4db2b67-1920x1080cafa.jpg]
[cdn.sanity.io/images/92ui5egz/production/b2eeb5e4a88a677a3d444218d1c263cfdd82f00a-1920x1080cafa.jpg]
[cdn.sanity.io/images/92ui5egz/production/9de13c30021a8dd19f82573244c566d7b267afd5-1000x563d7d8.png]
[www.hul.co.in/files/92ui5egz/production/HUL Code of Business Principles.pdf]
[cdn.sanity.io/images/92ui5egz/production/30eef0b8759740c24dc74494217eca7025e05f63-1920x1080cafa.jpg]
[cdn.sanity.io/images/92ui5egz/production/717ed0d9853bab0c1e6afe2239636a75add4b31b-1920x1080cafa.jpg]
[cdn.sanity.io/images/92ui5egz/production/1b4b3db6764b01b43cb7a249d24fff9504878e37-1000x563d7d8.png]
[www.hul.co.in/our-company/index.html]
[cdn.sanity.io/images/92ui5egz/production/2f0d727fa0f3047353c5f456dc1c963a14bea704-1920x1080cafa.jpg]
[cdn.sanity.io/images/92ui5egz/production/77330b4cf6c1e3af95335a3ee1674c3fe2eab8bf-990x5571e28.jpg]
[www.hul.co.in/files/origin/8921b01b593a2e200e3b2fcad83f2beac908f04d.pdf/brand-protection-hul_tcm1255-501050_en.pdf]
[www.hul.co.in/our-company/introduction-to-hul/brand-protection-hul_tcm1255-501050_en.fa.delayed]
[www.hul.co.in/our-company/introduction-to-hul/index.html]
[www.hul.co.in/our-company/our-leadership/index.html]
[www.hul.co.in/our-company/the-logo/index.html]
[www.hul.co.in/our-company/hul-history/index.html]
[www.hul.co.in/our-company/hul-history/chronology-of-key-events/index.html]
[www.hul.co.in/our-company/awards-felicitations/index.html]
[www.hul.co.in/our-company/rd-innovation/index.html]
[www.hul.co.in/our-company/rd-innovation/innovation-in-unilever/index.html]
[www.hul.co.in/our-company/rd-innovation/working-in-unilever-rd/index.html]
[www.hul.co.in/our-company/rd-innovation/safety-environment/index.html]
[www.hul.co.in/our-company/rd-innovation/open-innovation/index.html]
[www.hul.co.in/our-company/rd-innovation/our-rd-locations/index.html]
[www.hul.co.in/brands/index.html]
[www.hul.co.in/planet-and-society/index.html]
[www.hul.co.in/planet-and-society/esg-microsite/index.html]
[www.hul.co.in/planet-and-society/climate-action/index.html]
[www.hul.co.in/planet-and-society/protect-and-regenerate-nature/index.html]
[www.hul.co.in/planet-and-society/waste-free-world/index.html]
[www.hul.co.in/planet-and-society/positive-nutrition/index.html]
[www.hul.co.in/planet-and-society/employee-health-wellbeing/index.html]
[www.hul.co.in/planet-and-society/health-and-wellbeing/index.html]
[www.hul.co.in/planet-and-society/equity-diversity-and-inclusion/index.html]
[www.hul.co.in/planet-and-society/raise-living-standards/index.html]
[www.hul.co.in/planet-and-society/future-of-work/index.html]
[www.hul.co.in/planet-and-society/respect-human-rights/index.html]
[www.hul.co.in/planet-and-society/case-studies/index.html]
[www.hul.co.in/planet-and-society/case-studies/enhancing-livelihoods-through-project-shakti/index.html]
[www.hul.co.in/planet-and-society/case-studies/asha-daan-the-gift-of-hope/index.html]
[www.hul.co.in/planet-and-society/case-studies/suvidha-bringing-hygiene-sanitation-to-urban-communities/index.html]
[www.hul.co.in/planet-and-society/case-studies/prabhat-developing-sustainable-and-inclusive-communities/index.html]
[www.hul.co.in/planet-and-society/case-studies/making-it-count-with-the-hindustan-unilever-foundation/index.html]
[www.hul.co.in/planet-and-society/swachh-aadat-swachh-bharat/index.html]
[www.hul.co.in/planet-and-society/swachh-aadat-swachh-bharat/swachh-aadat-swachh-bharat/index.html]
[www.hul.co.in/planet-and-society/swachh-aadat-swachh-bharat/socho-the-longterm-impact-of-repeated-illness-on-children/index.html]
[www.hul.co.in/planet-and-society/swachh-aadat-swachh-bharat/badlo-heres-how-you-can-become-a-swachhata-doot/index.html]
[www.hul.co.in/planet-and-society/business-integrity/index.html]
[www.hul.co.in/planet-and-society/business-integrity/responsible-taxpayer/index.html]
[www.hul.co.in/planet-and-society/safety-and-environment/index.html]
[www.hul.co.in/planet-and-society/safety-and-environment/leading-safety-and-environmental-sustainability-sciences/index.html]
[www.hul.co.in/planet-and-society/safety-and-environment/safe-and-sustainable-by-design/index.html]
[www.hul.co.in/planet-and-society/safety-and-environment/keeping-people-and-the-environment-safe/index.html]
[www.hul.co.in/planet-and-society/safety-and-environment/reducing-our-environmental-impact/index.html]
[www.hul.co.in/planet-and-society/scope-and-boundaries-of-reporting/index.html]
[www.hul.co.in/planet-and-society/our-position-on/index.html]
[www.hul.co.in/news/index.html]
[www.hul.co.in/news/press-releases/index.html]
[www.hul.co.in/news/media-coverage/index.html]
[www.hul.co.in/news/agm-speeches/index.html]
[www.hul.co.in/investor-relations/index.html]
[www.hul.co.in/investor-relations/corporate-governance/index.html]
[www.hul.co.in/investor-relations/corporate-governance/hul-policies/index.html]
[www.hul.co.in/investor-relations/corporate-governance/corporate-governance-requirements-compliance/index.html]
[www.hul.co.in/investor-relations/corporate-governance/dealing-in-hul-shares/index.html]
[www.hul.co.in/investor-relations/corporate-governance/management-discussion-and-analysis/index.html]
[www.hul.co.in/investor-relations/shareholder-information/index.html]
